../Drivers/STM32G4xx_HAL_Driver/Inc/stm32g4xx_ll_bus.h:451:22:LL_AHB2_GRP1_EnableClock	24	static
../Drivers/STM32G4xx_HAL_Driver/Inc/stm32g4xx_ll_bus.h:935:22:LL_APB1_GRP2_EnableClock	24	static
../Core/Src/main.c:201:5:main	72	static
../Core/Src/main.c:312:6:SystemClock_Config	88	static
../Core/Src/main.c:362:13:MX_ADC1_Init	56	static
../Core/Src/main.c:458:13:MX_I2C1_Init	8	static
../Core/Src/main.c:506:13:MX_LPUART1_UART_Init	8	static
../Core/Src/main.c:553:13:MX_TIM3_Init	64	static
../Core/Src/main.c:620:13:MX_TIM6_Init	24	static
../Core/Src/main.c:658:13:MX_TIM7_Init	24	static
../Core/Src/main.c:696:13:MX_TIM16_Init	8	static
../Core/Src/main.c:728:13:MX_TIM17_Init	8	static
../Core/Src/main.c:760:13:MX_UCPD1_Init	32	static
../Core/Src/main.c:799:13:MX_DMA_Init	16	static
../Core/Src/main.c:818:13:MX_GPIO_Init	48	static
../Core/Src/main.c:894:6:HAL_TIM_PeriodElapsedCallback	16	static
../Core/Src/main.c:996:9:CounterBenchPeriod	32	static
../Core/Src/main.c:1012:6:Error_Handler	4	static,ignoring_inline_asm
